{
    "versions": {
        "content": [
            [
                "versions.yml:md5,d37c5b9e465accf6d836972608795071"
            ]
        ],
        "timestamp": "2023-10-17T11:25:55.923674"
    },
    "Single-Read": {
        "content": [
            {
                "0": [
                    [
                        {
                            "id": "test",
                            "single_end": true
                        },
                        "test.trim.fastq.gz:md5,739145e106e38d5db4a03394bdb14139"
                    ]
                ],
                "1": [
                    [
                        {
                            "id": "test",
                            "single_end": true
                        },
                        "test.cutadapt.log:md5,cca73d9aa483fddc3d013ff8bd0e25f0"
                    ]
                ],
                "2": [
                    "versions.yml:md5,d37c5b9e465accf6d836972608795071"
                ],
                "log": [
                    [
                        {
                            "id": "test",
                            "single_end": true
                        },
                        "test.cutadapt.log:md5,cca73d9aa483fddc3d013ff8bd0e25f0"
                    ]
                ],
                "reads": [
                    [
                        {
                            "id": "test",
                            "single_end": true
                        },
                        "test.trim.fastq.gz:md5,739145e106e38d5db4a03394bdb14139"
                    ]
                ],
                "versions": [
                    "versions.yml:md5,d37c5b9e465accf6d836972608795071"
                ]
            }
        ],
        "timestamp": "2023-10-17T11:25:55.931058"
    },
    "Paired-Reads": {
        "content": [
            {
                "0": [
                    [
                        {
                            "id": "test",
                            "single_end": false
                        },
                        [
                            "test_1.trim.fastq.gz:md5,bfabd10768f5e19686ba1caab1618b09",
                            "test_2.trim.fastq.gz:md5,14ab7fe6c723a0f8407bec53c5ce9e68"
                        ]
                    ]
                ],
                "1": [
                    [
                        {
                            "id": "test",
                            "single_end": false
                        },
                        "test.cutadapt.log:md5,b680c7b79daf1fc3ce2414b49068b6f2"
                    ]
                ],
                "2": [
                    "versions.yml:md5,d37c5b9e465accf6d836972608795071"
                ],
                "log": [
                    [
                        {
                            "id": "test",
                            "single_end": false
                        },
                        "test.cutadapt.log:md5,b680c7b79daf1fc3ce2414b49068b6f2"
                    ]
                ],
                "reads": [
                    [
                        {
                            "id": "test",
                            "single_end": false
                        },
                        [
                            "test_1.trim.fastq.gz:md5,bfabd10768f5e19686ba1caab1618b09",
                            "test_2.trim.fastq.gz:md5,14ab7fe6c723a0f8407bec53c5ce9e68"
                        ]
                    ]
                ],
                "versions": [
                    "versions.yml:md5,d37c5b9e465accf6d836972608795071"
                ]
            }
        ],
        "timestamp": "2023-10-17T11:26:03.167967"
    }
}